// Jest Snapshot v1, https://goo.gl/fbAQLP

exports[`NotFound should render ok 1`] = `
<div
  className="container"
>
  <h1
    className="heading"
  >
    Oops - couldn't find what you were looking for :(
  </h1>
</div>
`;
