// Jest Snapshot v1, https://goo.gl/fbAQLP

exports[`About should be ok 1`] = `
<div
  className="container"
>
  <h1
    className="heading"
  >
    Hi karl, it's me. matt.
  </h1>
  <p
    className="bio"
  >
    This section is all about me. yay!
  </p>
</div>
`;
